// Bun Snapshot v1, https://bun.sh/docs/test/snapshots

exports[`bannerStartupTask tests run() prints the banner 1`] = `
"
  _____ ___   ___  
 |  ___/ _ \\ / _ \\ 
 | |_ | | | | | | |
 |  _|| |_| | |_| |
 |_|   \\___/ \\___/ 
  bar
  version: foobar

"
`;

exports[`bannerStartupTask tests run() with custom font name and config location works 1`] = `""`;
